../Drivers/radio/radio.c:63:6:vRadio_PowerUp	16	static
../Drivers/radio/radio.c:83:6:vRadio_Init	8	static
../Drivers/radio/radio.c:118:4:bRadio_Check_Tx_RX	16	static
../Drivers/radio/radio.c:213:6:vRadio_StartRX	24	static
../Drivers/radio/radio.c:229:4:get_CCA	8	static
../Drivers/radio/radio.c:282:6:vRadio_Set_TxPower	16	static
../Drivers/radio/radio.c:300:6:vRadio_StartTx_Variable_Packet	16	static
../Drivers/radio/radio.c:339:6:vRadio_StartTx_Variable_Packet_MultiField	16	static
../Drivers/radio/radio.c:393:4:bRadio_FindProperty	32	static
