../Drivers/radio/radio_hal.c:38:6:radio_hal_AssertShutdown	8	static
../Drivers/radio/radio_hal.c:52:6:radio_hal_DeassertShutdown	8	static
../Drivers/radio/radio_hal.c:64:6:radio_hal_ClearNsel	8	static
../Drivers/radio/radio_hal.c:70:6:radio_hal_SetNsel	8	static
../Drivers/radio/radio_hal.c:76:5:radio_hal_NirqLevel	8	static
../Drivers/radio/radio_hal.c:86:6:radio_SPI_ReadWrite	32	static
../Drivers/radio/radio_hal.c:107:4:SpiReadWrite	160	static
../Drivers/radio/radio_hal.c:139:5:SpiWriteData	96	static
../Drivers/radio/radio_hal.c:168:5:SpiReadData	96	static
../Drivers/radio/radio_hal.c:195:6:radio_hal_SpiWriteByte	16	static
../Drivers/radio/radio_hal.c:204:4:radio_hal_SpiReadByte	8	static
../Drivers/radio/radio_hal.c:213:6:radio_hal_SpiWriteData	16	static
../Drivers/radio/radio_hal.c:222:6:radio_hal_SpiReadData	16	static
../Drivers/radio/radio_hal.c:232:5:radio_hal_Gpio0Level	16	static
../Drivers/radio/radio_hal.c:258:5:radio_hal_Gpio1Level	8	static
../Drivers/radio/radio_hal.c:283:5:radio_hal_Gpio2Level	16	static
../Drivers/radio/radio_hal.c:306:5:radio_hal_Gpio3Level	16	static
