../Drivers/radio/Si446x/si446x_api_lib.c:34:6:si446x_reset	8	static
../Drivers/radio/Si446x/si446x_api_lib.c:53:6:si446x_power_up	16	static
../Drivers/radio/Si446x/si446x_api_lib.c:70:4:si446x_configuration_init	24	static
../Drivers/radio/Si446x/si446x_api_lib.c:120:6:si446x_part_info	8	static
../Drivers/radio/Si446x/si446x_api_lib.c:145:6:si446x_start_tx	16	static
../Drivers/radio/Si446x/si446x_api_lib.c:171:6:si446x_start_rx	16	static
../Drivers/radio/Si446x/si446x_api_lib.c:192:6:si446x_get_int_status	16	static
../Drivers/radio/Si446x/si446x_api_lib.c:226:6:si446x_gpio_pin_cfg	24	static
../Drivers/radio/Si446x/si446x_api_lib.c:262:6:si446x_set_property	24	static
../Drivers/radio/Si446x/si446x_api_lib.c:295:6:si446x_change_state	16	static
../Drivers/radio/Si446x/si446x_api_lib.c:309:6:si446x_nop	8	static
../Drivers/radio/Si446x/si446x_api_lib.c:322:6:si446x_fifo_info	16	static
../Drivers/radio/Si446x/si446x_api_lib.c:342:6:si446x_write_tx_fifo	16	static
../Drivers/radio/Si446x/si446x_api_lib.c:353:6:si446x_read_rx_fifo	16	static
../Drivers/radio/Si446x/si446x_api_lib.c:365:6:si446x_get_property	16	static
../Drivers/radio/Si446x/si446x_api_lib.c:402:6:si446x_func_info	8	static
../Drivers/radio/Si446x/si446x_api_lib.c:422:6:si446x_frr_a_read	16	static
../Drivers/radio/Si446x/si446x_api_lib.c:440:6:si446x_frr_b_read	16	static
../Drivers/radio/Si446x/si446x_api_lib.c:458:6:si446x_frr_c_read	16	static
../Drivers/radio/Si446x/si446x_api_lib.c:476:6:si446x_frr_d_read	16	static
../Drivers/radio/Si446x/si446x_api_lib.c:494:6:si446x_get_adc_reading	16	static
../Drivers/radio/Si446x/si446x_api_lib.c:520:6:si446x_get_packet_info	24	static
../Drivers/radio/Si446x/si446x_api_lib.c:545:6:si446x_get_ph_status	16	static
../Drivers/radio/Si446x/si446x_api_lib.c:564:6:si446x_get_modem_status	16	static
../Drivers/radio/Si446x/si446x_api_lib.c:589:6:si446x_get_chip_status	16	static
../Drivers/radio/Si446x/si446x_api_lib.c:612:6:si446x_ircal	24	static
../Drivers/radio/Si446x/si446x_api_lib.c:630:6:si446x_ircal_manual	16	static
../Drivers/radio/Si446x/si446x_api_lib.c:648:6:si446x_request_device_state	8	static
../Drivers/radio/Si446x/si446x_api_lib.c:673:6:si446x_tx_hop	24	static
../Drivers/radio/Si446x/si446x_api_lib.c:698:6:si446x_rx_hop	24	static
../Drivers/radio/Si446x/si446x_api_lib.c:714:6:si446x_start_tx_fast	8	static
../Drivers/radio/Si446x/si446x_api_lib.c:725:6:si446x_start_rx_fast	8	static
../Drivers/radio/Si446x/si446x_api_lib.c:736:6:si446x_get_int_status_fast_clear	8	static
../Drivers/radio/Si446x/si446x_api_lib.c:747:6:si446x_get_int_status_fast_clear_read	8	static
../Drivers/radio/Si446x/si446x_api_lib.c:770:6:si446x_gpio_pin_cfg_fast	8	static
../Drivers/radio/Si446x/si446x_api_lib.c:793:6:si446x_get_ph_status_fast_clear	8	static
../Drivers/radio/Si446x/si446x_api_lib.c:805:6:si446x_get_ph_status_fast_clear_read	8	static
../Drivers/radio/Si446x/si446x_api_lib.c:822:6:si446x_get_modem_status_fast_clear	8	static
../Drivers/radio/Si446x/si446x_api_lib.c:834:6:si446x_get_modem_status_fast_clear_read	8	static
../Drivers/radio/Si446x/si446x_api_lib.c:857:6:si446x_get_chip_status_fast_clear	8	static
../Drivers/radio/Si446x/si446x_api_lib.c:869:6:si446x_get_chip_status_fast_clear_read	8	static
../Drivers/radio/Si446x/si446x_api_lib.c:887:6:si446x_fifo_info_fast_reset	16	static
../Drivers/radio/Si446x/si446x_api_lib.c:899:6:si446x_fifo_info_fast_read	8	static
