../Core/Src/main.c:162:6:MX_IWDG_Disable	4	static
../Core/Src/main.c:177:5:main	8	static
../Core/Src/main.c:306:6:SystemClock_Config	104	static
../Core/Src/main.c:359:13:MX_ADC1_Init	24	static
../Core/Src/main.c:409:13:MX_I2C1_Init	8	static
../Core/Src/main.c:443:13:MX_I2C3_Init	8	static
../Core/Src/main.c:477:13:MX_I2S3_Init	8	static
../Core/Src/main.c:511:13:MX_IWDG_Init	8	static
../Core/Src/main.c:545:13:MX_SPI1_Init	8	static
../Core/Src/main.c:583:13:MX_SPI2_Init	8	static
../Core/Src/main.c:621:13:MX_TIM3_Init	48	static
../Core/Src/main.c:673:13:MX_USART1_UART_Init	8	static
../Core/Src/main.c:706:13:MX_USART2_UART_Init	8	static
../Core/Src/main.c:737:13:MX_DMA_Init	16	static
../Core/Src/main.c:765:13:MX_GPIO_Init	56	static
../Core/Src/main.c:897:6:HAL_TIM_PeriodElapsedCallback	16	static
../Core/Src/main.c:914:6:Error_Handler	4	static
