../Library/audio.c:417:6:AudioSine_I2SEx_TxRxCpltCallback	0	static
../Library/audio.c:356:6:Default_I2SEx_TxRxCpltCallback	0	static
../Library/audio.c:399:6:AudioSpeex_I2SEx_TxRxCpltCallback	16	static
../Library/audio.c:131:6:AudioInit	24	static
../Library/audio.c:173:6:AudioStop	0	static
../Library/audio.c:184:6:SetCallbackI2STxRxCplt	0	static
../Library/audio.c:197:6:HAL_I2SEx_TxRxCpltCallback	0	static
../Library/audio.c:229:6:SetAudioIC	0	static
../Library/audio.c:236:5:GetAudioIC	0	static
../Library/audio.c:249:5:WriteI2CCodec	56	static
../Library/audio.c:269:6:InitCodecMAX9860	8	static
../Library/audio.c:368:5:AudioDMALoopback	8	static
../Library/audio.c:384:5:AudioDMARFM	8	static
../Library/audio.c:452:6:AudioLoopbackDMASpeex	8	static
../Library/audio.c:466:6:AudioPlayDMASine	8	static
../Library/audio.c:480:6:AudioSpkVol	8	static
../Library/audio.c:505:6:AudioMicVol	8	static
../Library/audio.c:535:5:cmd_audio	24	static
../Library/audio.c:644:5:cmd_codec	32	static
