../Library/cli.c:844:5:cmd_reset	0	static,ignoring_inline_asm
../Library/cli.c:853:5:cmd_WDGStOff	0	static
../Library/cli.c:666:6:CLIPrompt	0	static
../Library/cli.c:834:5:cmd_ver	8	static
../Library/cli.c:745:5:cmd_help	24	static
../Library/cli.c:787:5:cmd_uptime	24	static
../Library/cli.c:324:6:dump	72	static
../Library/cli.c:381:6:a2hex	0	static
../Library/cli.c:437:5:getarg	24	static
../Library/cli.c:459:5:ProcessCommand	192	static
../Library/cli.c:571:5:readline	16	static
../Library/cli.c:676:6:SetCLIPrompt	0	static
../Library/cli.c:683:6:SetCLIProc	0	static
../Library/cli.c:691:6:LoopProcCLI	8	static
../Library/cli.c:717:6:vCLITask	8	static
