../Library/menu.c:1058:7:ProcMenuDiag	8	static
../Library/menu.c:392:6:IsMenuMaint	0	static
../Library/menu.c:398:6:EnableMenuMaint	0	static
../Library/menu.c:466:6:SetActiveMenu	0	static
../Library/menu.c:473:9:GetActiveMenu	0	static
../Library/menu.c:480:6:UpdateLCDMain	40	static
../Library/menu.c:710:6:ProcMenuTrainSet	8	static
../Library/menu.c:737:6:ProcMenuVer	0	static
../Library/menu.c:798:6:ProcMenuSetCmdTS	8	static
../Library/menu.c:815:6:ProcMenuSetCmdCar	8	static
../Library/menu.c:832:6:ProcMenuSetCmdRFMode	8	static
../Library/menu.c:1015:7:ProcMenuRFTID	8	static
../Library/menu.c:1045:7:ProcMenuSelfTest	8	static
../Library/menu.c:1156:7:ProcMenuSetMic	16	static
../Library/menu.c:1189:7:ProcMenuSetSpk	16	static
../Library/menu.c:1217:7:ProcMenuSetTxPwr	8	static
../Library/menu.c:1254:7:ProcMenuSetRFMode	8	static
../Library/menu.c:492:6:UpdateLCDMenu	16	static
../Library/menu.c:751:6:ProcMenuCmd	16	static
../Library/menu.c:1109:7:ProcMenuSetting	8	static
../Library/menu.c:529:6:UpdateLCDMonitor	120	static
../Library/menu.c:551:6:ProcBtnUp	0	static
../Library/menu.c:580:6:ProcBtnDown	0	static
../Library/menu.c:607:6:ProcBtnMenu	4	static
../Library/menu.c:642:6:ProcLightOn	8	static
../Library/menu.c:667:6:ProcLightOff	8	static
../Library/menu.c:993:7:ProcMenuLightCtrl	8	static
../Library/menu.c:692:6:ProcDispVer	8	static
../Library/menu.c:855:7:ProcMenuMain	8	static
../Library/menu.c:701:6:ProcDispStat	0	static
../Library/menu.c:1275:6:ProcBtnOK	8	static
