../Library/rfm.c:85:5:GetDevID	0	static
../Library/rfm.c:92:6:SetDevID	8	static
../Library/rfm.c:102:6:GetRFMMode	0	static
../Library/rfm.c:141:7:StrRFMMode	0	static
../Library/rfm.c:156:5:GetRFTID	0	static
../Library/rfm.c:171:5:GetChRx	0	static
../Library/rfm.c:220:6:GetChOtherRFT	0	static
../Library/rfm.c:256:6:GetChNearRFT	8	static
../Library/rfm.c:283:6:GetChNearRFM	16	static
../Library/rfm.c:234:6:IsNearRFT	0	static
../Library/rfm.c:308:6:SetChPA	0	static
../Library/rfm.c:316:6:GetChPA	0	static
../Library/rfm.c:324:6:GetCh2Car	0	static
../Library/rfm.c:346:6:SetChPARFT	0	static
../Library/rfm.c:354:6:GetChPARFT	0	static
../Library/rfm.c:370:6:SetChRFMUp	0	static
../Library/rfm.c:378:6:GetChRFMUp	0	static
../Library/rfm.c:386:6:SetChRFMDown	0	static
../Library/rfm.c:394:6:GetChRFMDown	0	static
../Library/rfm.c:409:6:LoadTrainSetIdx	24	static
../Library/rfm.c:445:6:GetTrainSetIdx	16	static
../Library/rfm.c:462:6:SetTrainSetIdx	24	static
../Library/rfm.c:483:6:GetRFMode	24	static
../Library/rfm.c:506:6:SetRFMode	24	static
../Library/rfm.c:527:6:GetManHop	24	static
../Library/rfm.c:552:6:SetManHop	24	static
../Library/rfm.c:572:6:LoadCarNo	24	static
../Library/rfm.c:596:6:GetCarNo	16	static
../Library/rfm.c:612:6:SetCarNo	24	static
../Library/rfm.c:632:6:GetSpkVol	24	static
../Library/rfm.c:653:6:SetSpkVol	24	static
../Library/rfm.c:678:6:GetMicVol	24	static
../Library/rfm.c:699:6:SetMicVol	24	static
../Library/rfm.c:725:6:RF_RSSI	24	static
../Library/rfm.c:758:6:RFM_Spk	8	static
../Library/rfm.c:777:6:PrintVerInfo	72	static
../Library/rfm.c:814:5:cmd_ts	16	static
../Library/rfm.c:843:5:cmd_ch	16	static
../Library/rfm.c:875:5:cmd_car	16	static
../Library/rfm.c:906:5:cmd_hop	16	static
../Library/rfm.c:930:5:cmd_rfmod	16	static
../Library/rfm.c:952:5:cmd_swinfo	8	static
../Library/rfm.c:961:5:cmd_info	8	static
../Library/rfm.c:984:5:cmd_rfstat	0	static
../Library/rfm.c:1046:5:cmd_txpwr	16	static
../Library/rfm.c:1065:5:cmd_rspid	16	static
../Library/rfm.c:1198:14:lowpass_Filter	0	static
../Library/rfm.c:1212:6:RFM_I2SEx_TxRxCpltCallback	32	static
../Library/rfm.c:1410:5:InitRFM	56	static
../Library/rfm.c:2112:6:UpdateStat	32	static
../Library/rfm.c:2156:6:SetStat	8	static
../Library/rfm.c:2171:6:ReflashStat	24	static
../Library/rfm.c:2207:6:ReloadStampStat	16	static
../Library/rfm.c:109:6:SetRFMMode	16	static
../Library/rfm.c:1109:5:cmd_OccPa	24	static
../Library/rfm.c:1704:6:LoopProcRFM	120	static
../Library/rfm.c:1642:5:RFM_main	16	static
