../Library/RFMProtocol.c:67:6:_MakePktHdr	16	static
../Library/RFMProtocol.c:120:6:_MakePktHdr2	16	static
../Library/RFMProtocol.c:151:6:_MakeRFCmd	16	static
../Library/RFMProtocol.c:172:6:SendStatReq	72	static
../Library/RFMProtocol.c:206:6:SendStat	80	static
../Library/RFMProtocol.c:276:6:SendRouteReq	72	static
../Library/RFMProtocol.c:305:6:SendRouteRsp	72	static
../Library/RFMProtocol.c:335:6:SendPA	72	static
../Library/RFMProtocol.c:385:6:SendCall	72	static
../Library/RFMProtocol.c:439:6:SendOCCPA	72	static
../Library/RFMProtocol.c:489:6:SendLight	72	static
../Library/RFMProtocol.c:533:6:SendLightOn	0	static
../Library/RFMProtocol.c:540:6:SendLightOff	0	static
../Library/RFMProtocol.c:547:6:SendRFCmdCh	80	static
../Library/RFMProtocol.c:562:6:SendRFCmd	80	static
../Library/RFMProtocol.c:587:6:SendRFCmdReset	72	static
../Library/RFMProtocol.c:603:6:SendRFCmdCar	112	static
../Library/RFMProtocol.c:615:6:SendRFCmdTS	112	static
../Library/RFMProtocol.c:627:6:SendRFCmdRFMode	112	static
../Library/RFMProtocol.c:639:6:SendRFCmdDFUMode	8	static
../Library/RFMProtocol.c:649:6:SendRFCmdUpgrade	8	static
../Library/RFMProtocol.c:689:6:SendUpgrData	88	static
../Library/RFMProtocol.c:722:6:SendUpgrStat	88	static
../Library/RFMProtocol.c:774:5:ProcPktStatReq	16	static
../Library/RFMProtocol.c:807:5:ProcPktStat	8	static
../Library/RFMProtocol.c:854:5:ProcPktRouteReq	16	static
../Library/RFMProtocol.c:926:5:ProcPktRouteRsp	16	static
../Library/RFMProtocol.c:978:5:ProcPktCtrlPaCall	16	static
../Library/RFMProtocol.c:1023:5:ProcPktPA	24	static
../Library/RFMProtocol.c:1073:5:ProcPktCall	8	static
../Library/RFMProtocol.c:1113:5:ProcPktDevConn	8	static
../Library/RFMProtocol.c:1136:5:ProcPktLight	8	static
../Library/RFMProtocol.c:1159:5:ProcPktCmd	16	static
../Library/RFMProtocol.c:1183:5:ProcPktCmdRsp	8	static
../Library/RFMProtocol.c:1198:5:ProcPktUpgr	40	static
../Library/RFMProtocol.c:1367:5:ProcPktUpgrStat	72	static
