../Core/Src/naranja_boron.c:60:6:getLed75	8	static
../Core/Src/naranja_boron.c:61:6:setLed75	0	static
../Core/Src/naranja_boron.c:62:6:toggleLed75	0	static
../Core/Src/naranja_boron.c:63:6:led75On	0	static
../Core/Src/naranja_boron.c:64:6:led75Off	0	static
../Core/Src/naranja_boron.c:71:6:getLed100Red	8	static
../Core/Src/naranja_boron.c:72:6:setLed100Red	0	static
../Core/Src/naranja_boron.c:73:6:toggleLed100Red	0	static
../Core/Src/naranja_boron.c:75:6:led100RedOn	0	static
../Core/Src/naranja_boron.c:76:6:led100RedOff	0	static
../Core/Src/naranja_boron.c:83:6:getLed100Green	8	static
../Core/Src/naranja_boron.c:84:6:setLed100Green	0	static
../Core/Src/naranja_boron.c:85:6:toggleLed100Grn	0	static
../Core/Src/naranja_boron.c:87:6:led100GreenOn	0	static
../Core/Src/naranja_boron.c:88:6:led100GreenOff	0	static
../Core/Src/naranja_boron.c:95:6:getChargerDet	8	static
../Core/Src/naranja_boron.c:102:9:getChargeRate	8	static
../Core/Src/naranja_boron.c:125:6:getVccIn	8	static
../Core/Src/naranja_boron.c:132:6:getStandBy	8	static
../Core/Src/naranja_boron.c:139:6:getLightOn	8	static
../Core/Src/naranja_boron.c:151:6:getMasterIn	8	static
../Core/Src/naranja_boron.c:159:6:getDICtl	8	static
../Core/Src/naranja_boron.c:166:6:getOverrideOn	8	static
../Core/Src/naranja_boron.c:167:6:setOverrideOn	0	static
../Core/Src/naranja_boron.c:174:6:setRfLed	0	static
../Core/Src/naranja_boron.c:175:6:rfLedOn	0	static
../Core/Src/naranja_boron.c:176:6:rfLedOff	0	static
../Core/Src/naranja_boron.c:183:6:setRS485Inactive	0	static
../Core/Src/naranja_boron.c:188:6:getVccRfIn	8	static
../Core/Src/naranja_boron.c:189:6:getAmpFault	8	static
../Core/Src/naranja_boron.c:190:6:getVccLedIn	8	static
../Core/Src/naranja_boron.c:191:6:getVccAudioIn	8	static
../Core/Src/naranja_boron.c:198:6:setLedCtr	0	static
../Core/Src/naranja_boron.c:199:6:ledCtrOn	0	static
../Core/Src/naranja_boron.c:200:6:ledCtrOff	0	static
../Core/Src/naranja_boron.c:207:6:getAudioOn	8	static
../Core/Src/naranja_boron.c:214:6:setAmpMute	16	static
../Core/Src/naranja_boron.c:221:6:ampMuteOn	32	static
../Core/Src/naranja_boron.c:248:6:ampMuteOff	40	static
../Core/Src/naranja_boron.c:296:6:setAmpSd	40	static
../Core/Src/naranja_boron.c:422:9:getRS485Id	24	static
../Core/Src/naranja_boron.c:436:17:getChargeRateState	8	static
../Core/Src/naranja_boron.c:500:6:processOverrideOn	8	static
../Core/Src/naranja_boron.c:535:6:processRfLed	8	static
../Core/Src/naranja_boron.c:553:6:processChargeLed	16	static
../Core/Src/naranja_boron.c:620:6:processLightLed	16	static
../Core/Src/naranja_boron.c:659:6:processAudioAmpProcess	40	static
../Core/Src/naranja_boron.c:710:6:processGetBatVol	16	static
../Core/Src/naranja_boron.c:741:6:processTestDebug	0	static
../Core/Src/naranja_boron.c:761:6:processCurrentVal	40	static
../Core/Src/naranja_boron.c:869:9:AMP_SPK_CHECK	32	static
../Core/Src/naranja_boron.c:966:6:ONTD_Function	8	static
../Core/Src/naranja_boron.c:981:6:ONTD	0	static
