../Core/Src/stm32f1xx_it.c:89:6:NMI_Handler	0	static
../Core/Src/stm32f1xx_it.c:102:6:HardFault_Handler	0	static
../Core/Src/stm32f1xx_it.c:117:6:MemManage_Handler	0	static
../Core/Src/stm32f1xx_it.c:132:6:BusFault_Handler	0	static
../Core/Src/stm32f1xx_it.c:147:6:UsageFault_Handler	0	static
../Core/Src/stm32f1xx_it.c:162:6:SVC_Handler	0	static
../Core/Src/stm32f1xx_it.c:175:6:DebugMon_Handler	0	static
../Core/Src/stm32f1xx_it.c:188:6:PendSV_Handler	0	static
../Core/Src/stm32f1xx_it.c:201:6:SysTick_Handler	0	static
../Core/Src/stm32f1xx_it.c:225:6:ADC1_2_IRQHandler	8	static
../Core/Src/stm32f1xx_it.c:240:6:TIM2_IRQHandler	8	static
../Core/Src/stm32f1xx_it.c:275:6:USART1_IRQHandler	0	static
../Core/Src/stm32f1xx_it.c:289:6:USART2_IRQHandler	0	static
../Core/Src/stm32f1xx_it.c:303:6:USART3_IRQHandler	0	static
../Core/Src/stm32f1xx_it.c:317:6:UART5_IRQHandler	0	static
