../Library/flash_if.c:40:6:FLASH_If_Init	8	static
../Library/flash_if.c:57:10:FLASH_If_Erase	40	static
../Library/flash_if.c:89:10:FLASH_If_EraseSectors	40	static
../Library/flash_if.c:133:10:FLASH_If_Write	24	static
../Library/flash_if.c:176:10:FLASH_If_GetWriteProtectionStatus	40	static
../Library/flash_if.c:212:10:FLASH_If_WriteProtectionConfig	72	static
../Library/flash_if.c:258:5:cmd_flRead	16	static
../Library/flash_if.c:284:5:cmd_flWrite	24	static
../Library/flash_if.c:313:5:cmd_flErase	40	static
