../Library/cli.c:706:5:cmd_reset	0	static,ignoring_inline_asm
../Library/cli.c:716:5:cmd_WDGStOff	0	static
../Library/cli.c:528:6:CLIPrompt	0	static
../Library/cli.c:696:5:cmd_ver	8	static
../Library/cli.c:845:5:cmd_rfm	8	static
../Library/cli.c:649:5:cmd_uptime	32	static
../Library/cli.c:724:5:cmd_battery	8	static
../Library/cli.c:607:5:cmd_help	24	static
../Library/cli.c:320:5:ProcessCommand	192	static
../Library/cli.c:185:6:dump	72	static
../Library/cli.c:242:6:a2hex	0	static
../Library/cli.c:298:5:getarg	24	static
../Library/cli.c:433:5:readline	16	static
../Library/cli.c:538:6:SetCLIPrompt	0	static
../Library/cli.c:545:6:SetCLIProc	0	static
../Library/cli.c:553:6:LoopProcCLI	8	static
../Library/cli.c:579:6:vCLITask	8	static
../Library/cli.c:733:5:cmd_wr	32	static
../Library/cli.c:789:5:cmd_rd	24	static
