../Library/rs485.c:64:10:onBCCCheck	16	static
../Library/rs485.c:98:9:check_Bcc	16	static
../Library/rs485.c:119:5:IsBCCOK	24	static
../Library/rs485.c:143:5:SendRS485	16	static
../Library/rs485.c:189:6:SendSD_3	40	static
../Library/rs485.c:284:6:ProcessFrameSDR.part.0	264	static
../Library/rs485.c:234:6:SendSD_5	24	static
../Library/rs485.c:271:6:ProcessFrameSD	0	static
../Library/rs485.c:284:6:ProcessFrameSDR	16	static
../Library/rs485.c:427:6:ProcessFrame	24	static
../Library/rs485.c:476:6:InitRS485	16	static
../Library/rs485.c:492:6:Dump	16	static
../Library/rs485.c:507:6:LoopProcRS485_3ch	56	static
../Library/rs485.c:604:6:LoopProcRS485_5ch	56	static
../Library/rs485.c:694:6:LoopProcRFM_2ch	40	static
../Library/rs485.c:780:5:cmd_sd	24	static
../Library/rs485.c:794:5:cmd_sd2	24	static
../Library/rs485.c:808:6:vRs485Task	8	static
