../Core/Src/stm32f4xx_hal_msp.c:73:6:HAL_MspInit	8	static
../Core/Src/stm32f4xx_hal_msp.c:95:6:HAL_ADC_MspInit	40	static
../Core/Src/stm32f4xx_hal_msp.c:128:6:HAL_ADC_MspDeInit	0	static
../Core/Src/stm32f4xx_hal_msp.c:156:6:HAL_I2C_MspInit	72	static
../Core/Src/stm32f4xx_hal_msp.c:224:6:HAL_I2C_MspDeInit	8	static
../Core/Src/stm32f4xx_hal_msp.c:275:6:HAL_I2S_MspInit	56	static
../Core/Src/stm32f4xx_hal_msp.c:371:6:HAL_I2S_MspDeInit	8	static
../Core/Src/stm32f4xx_hal_msp.c:407:6:HAL_SPI_MspInit	64	static
../Core/Src/stm32f4xx_hal_msp.c:519:6:HAL_SPI_MspDeInit	8	static
../Core/Src/stm32f4xx_hal_msp.c:572:6:HAL_TIM_PWM_MspInit	8	static
../Core/Src/stm32f4xx_hal_msp.c:588:6:HAL_TIM_MspPostInit	32	static
../Core/Src/stm32f4xx_hal_msp.c:620:6:HAL_TIM_PWM_MspDeInit	0	static
../Core/Src/stm32f4xx_hal_msp.c:642:6:HAL_UART_MspInit	48	static
../Core/Src/stm32f4xx_hal_msp.c:708:6:HAL_UART_MspDeInit	8	static
