../Drivers/CMSIS/Include/core_cm4.h:1939:34:__NVIC_SystemReset	4	static,ignoring_inline_asm
../Library/cli.c:324:6:dump	80	static
../Library/cli.c:381:6:a2hex	24	static
../Library/cli.c:437:5:getarg	32	static
../Library/cli.c:459:5:ProcessCommand	200	static
../Library/cli.c:571:5:readline	32	static
../Library/cli.c:666:6:CLIPrompt	8	static
../Library/cli.c:676:6:SetCLIPrompt	16	static
../Library/cli.c:683:6:SetCLIProc	16	static
../Library/cli.c:691:6:LoopProcCLI	16	static
../Library/cli.c:717:6:vCLITask	16	static
../Library/cli.c:745:5:cmd_help	24	static
../Library/cli.c:787:5:cmd_uptime	48	static
../Library/cli.c:834:5:cmd_ver	16	static
../Library/cli.c:844:5:cmd_reset	16	static
../Library/cli.c:853:5:cmd_WDGStOff	16	static
