../Library/diag.c:80:6:display_diag_menu	8	static
../Library/diag.c:107:5:cmd_diag_proc	24	static
../Library/diag.c:135:5:cmd_diag	16	static
../Library/diag.c:178:6:display_diag_Audio	8	static
../Library/diag.c:214:5:cmd_diag_proc_Audio	24	static
../Library/diag.c:254:5:cmd_diag_Audio	16	static
../Library/diag.c:298:6:display_diag_RF	8	static
../Library/diag.c:326:5:cmd_diag_proc_RF	24	static
../Library/diag.c:353:5:cmd_diag_RF	16	static
../Library/diag.c:397:5:cmd_test1	16	static
../Library/diag.c:413:5:cmd_test2	16	static
../Library/diag.c:431:5:cmd_test3	16	static
../Library/diag.c:447:5:cmd_test4	16	static
../Library/diag.c:464:5:cmd_test5	16	static
../Library/diag.c:483:6:cmd_rfwds_info	24	static
../Library/diag.c:508:6:cmd_rfwds1	16	static
../Library/diag.c:517:6:cmd_rfwds2	16	static
../Library/diag.c:526:6:cmd_rfwds3	16	static
../Library/diag.c:535:6:cmd_rfwds_init	16	static
../Library/diag.c:551:6:cmd_rfwds_debug	16	static
../Library/diag.c:580:5:GetDbg	4	static
../Library/diag.c:587:6:memory_modify	168	static
../Library/diag.c:658:5:cmd_md	16	static
../Library/diag.c:681:5:cmd_mm	16	static
../Library/diag.c:699:5:cmd_debug	16	static
../Library/diag.c:716:5:cmd_wr	32	static
../Library/diag.c:772:5:cmd_rd	32	static
../Library/diag.c:827:5:cmd_do	24	static
../Library/diag.c:843:5:cmd_test	16	static
