../Library/menu.c:392:6:IsMenuMaint	4	static
../Library/menu.c:398:6:EnableMenuMaint	16	static
../Library/menu.c:466:6:SetActiveMenu	16	static
../Library/menu.c:473:9:GetActiveMenu	4	static
../Library/menu.c:480:6:UpdateLCDMain	40	static
../Library/menu.c:492:6:UpdateLCDMenu	24	static
../Library/menu.c:529:6:UpdateLCDMonitor	120	static
../Library/menu.c:551:6:ProcBtnUp	8	static
../Library/menu.c:580:6:ProcBtnDown	8	static
../Library/menu.c:607:6:ProcBtnMenu	8	static
../Library/menu.c:642:6:ProcLightOn	8	static
../Library/menu.c:667:6:ProcLightOff	8	static
../Library/menu.c:692:6:ProcDispVer	8	static
../Library/menu.c:701:6:ProcDispStat	4	static
../Library/menu.c:710:6:ProcMenuTrainSet	16	static
../Library/menu.c:737:6:ProcMenuVer	16	static
../Library/menu.c:751:6:ProcMenuCmd	16	static
../Library/menu.c:798:6:ProcMenuSetCmdTS	16	static
../Library/menu.c:815:6:ProcMenuSetCmdCar	16	static
../Library/menu.c:832:6:ProcMenuSetCmdRFMode	16	static
../Library/menu.c:855:7:ProcMenuMain	24	static
../Library/menu.c:993:7:ProcMenuLightCtrl	16	static
../Library/menu.c:1015:7:ProcMenuRFTID	16	static
../Library/menu.c:1045:7:ProcMenuSelfTest	16	static
../Library/menu.c:1058:7:ProcMenuDiag	16	static
../Library/menu.c:1109:7:ProcMenuSetting	24	static
../Library/menu.c:1156:7:ProcMenuSetMic	16	static
../Library/menu.c:1189:7:ProcMenuSetSpk	16	static
../Library/menu.c:1217:7:ProcMenuSetTxPwr	16	static
../Library/menu.c:1254:7:ProcMenuSetRFMode	16	static
../Library/menu.c:1275:6:ProcBtnOK	8	static
