../Library/ProcPkt.c:116:6:Dump	32	static
../Library/ProcPkt.c:135:6:TestProcPkt	16	static
../Library/ProcPkt.c:156:5:InitProcPkt	8	static
../Library/ProcPkt.c:195:5:_ChkDropPktSeq	24	static
../Library/ProcPkt.c:228:5:ProcPktHdr1	16	static
../Library/ProcPkt.c:335:5:ProcPktHdr2	112	static
../Library/ProcPkt.c:523:6:CallbackRecvPacket	24	static
../Library/ProcPkt.c:582:6:LoopProcPkt	56	static
../Library/ProcPkt.c:648:5:wPayloadLenghtFromPhr	24	static
../Library/ProcPkt.c:679:4:bBitOrderReverse	16	static
../Library/ProcPkt.c:691:5:SendPacket	24	static
../Library/ProcPkt.c:719:5:SendPktCh	24	static
../Library/ProcPkt.c:743:5:cmd_pktmon	24	static
