../Library/rfm.c:85:5:GetDevID	4	static
../Library/rfm.c:92:6:SetDevID	16	static
../Library/rfm.c:102:6:GetRFMMode	4	static
../Library/rfm.c:109:6:SetRFMMode	16	static
../Library/rfm.c:128:7:StrRFMMode	16	static
../Library/rfm.c:143:5:GetRFTID	4	static
../Library/rfm.c:158:5:GetChRx	8	static
../Library/rfm.c:207:6:GetChOtherRFT	4	static
../Library/rfm.c:221:6:IsNearRFT	24	static
../Library/rfm.c:243:6:GetChNearRFT	32	static
../Library/rfm.c:270:6:GetChNearRFM	24	static
../Library/rfm.c:295:6:SetChPA	16	static
../Library/rfm.c:303:6:GetChPA	4	static
../Library/rfm.c:311:6:GetCh2Car	24	static
../Library/rfm.c:333:6:SetChPARFT	16	static
../Library/rfm.c:341:6:GetChPARFT	4	static
../Library/rfm.c:357:6:SetChRFMUp	16	static
../Library/rfm.c:365:6:GetChRFMUp	4	static
../Library/rfm.c:373:6:SetChRFMDown	16	static
../Library/rfm.c:381:6:GetChRFMDown	4	static
../Library/rfm.c:396:6:LoadTrainSetIdx	24	static
../Library/rfm.c:432:6:GetTrainSetIdx	8	static
../Library/rfm.c:449:6:SetTrainSetIdx	24	static
../Library/rfm.c:470:6:GetRFMode	24	static
../Library/rfm.c:493:6:SetRFMode	24	static
../Library/rfm.c:514:6:GetManHop	24	static
../Library/rfm.c:539:6:SetManHop	24	static
../Library/rfm.c:559:6:LoadCarNo	24	static
../Library/rfm.c:583:6:GetCarNo	8	static
../Library/rfm.c:599:6:SetCarNo	24	static
../Library/rfm.c:619:6:GetSpkVol	24	static
../Library/rfm.c:640:6:SetSpkVol	24	static
../Library/rfm.c:665:6:GetMicVol	24	static
../Library/rfm.c:686:6:SetMicVol	24	static
../Library/rfm.c:712:6:RF_RSSI	32	static
../Library/rfm.c:745:6:RFM_Spk	16	static
../Library/rfm.c:764:6:PrintVerInfo	80	static
../Library/rfm.c:801:5:cmd_ts	24	static
../Library/rfm.c:830:5:cmd_ch	24	static
../Library/rfm.c:862:5:cmd_car	24	static
../Library/rfm.c:893:5:cmd_hop	24	static
../Library/rfm.c:917:5:cmd_rfmod	24	static
../Library/rfm.c:939:5:cmd_swinfo	16	static
../Library/rfm.c:948:5:cmd_info	40	static
../Library/rfm.c:971:5:cmd_rfstat	16	static
../Library/rfm.c:1033:5:cmd_txpwr	24	static
../Library/rfm.c:1052:5:cmd_rspid	24	static
../Library/rfm.c:1096:5:cmd_OccPa	24	static
../Library/rfm.c:1182:14:lowpass_Filter	24	static
../Library/rfm.c:1196:6:RFM_I2SEx_TxRxCpltCallback	48	static
../Library/rfm.c:1394:5:InitRFM	64	static
../Library/rfm.c:1626:5:RFM_main	16	static
../Library/rfm.c:1685:6:LoopProcRFM	112	static
../Library/rfm.c:2093:6:UpdateStat	40	static
../Library/rfm.c:2137:6:SetStat	16	static
../Library/rfm.c:2152:6:ReflashStat	24	static
../Library/rfm.c:2188:6:ReloadStampStat	16	static
