../Library/rfm.c:85:5:GetDevID	4	static
../Library/rfm.c:92:6:SetDevID	16	static
../Library/rfm.c:102:6:GetRFMMode	4	static
../Library/rfm.c:109:6:SetRFMMode	16	static
../Library/rfm.c:141:7:StrRFMMode	16	static
../Library/rfm.c:156:5:GetRFTID	4	static
../Library/rfm.c:171:5:GetChRx	8	static
../Library/rfm.c:220:6:GetChOtherRFT	4	static
../Library/rfm.c:234:6:IsNearRFT	24	static
../Library/rfm.c:256:6:GetChNearRFT	32	static
../Library/rfm.c:283:6:GetChNearRFM	24	static
../Library/rfm.c:308:6:SetChPA	16	static
../Library/rfm.c:316:6:GetChPA	4	static
../Library/rfm.c:324:6:GetCh2Car	24	static
../Library/rfm.c:346:6:SetChPARFT	16	static
../Library/rfm.c:354:6:GetChPARFT	4	static
../Library/rfm.c:370:6:SetChRFMUp	16	static
../Library/rfm.c:378:6:GetChRFMUp	4	static
../Library/rfm.c:386:6:SetChRFMDown	16	static
../Library/rfm.c:394:6:GetChRFMDown	4	static
../Library/rfm.c:409:6:LoadTrainSetIdx	24	static
../Library/rfm.c:445:6:GetTrainSetIdx	8	static
../Library/rfm.c:462:6:SetTrainSetIdx	24	static
../Library/rfm.c:483:6:GetRFMode	24	static
../Library/rfm.c:506:6:SetRFMode	24	static
../Library/rfm.c:527:6:GetManHop	24	static
../Library/rfm.c:552:6:SetManHop	24	static
../Library/rfm.c:572:6:LoadCarNo	24	static
../Library/rfm.c:596:6:GetCarNo	8	static
../Library/rfm.c:612:6:SetCarNo	24	static
../Library/rfm.c:632:6:GetSpkVol	24	static
../Library/rfm.c:653:6:SetSpkVol	24	static
../Library/rfm.c:678:6:GetMicVol	24	static
../Library/rfm.c:699:6:SetMicVol	24	static
../Library/rfm.c:725:6:RF_RSSI	32	static
../Library/rfm.c:758:6:RFM_Spk	16	static
../Library/rfm.c:777:6:PrintVerInfo	80	static
../Library/rfm.c:814:5:cmd_ts	24	static
../Library/rfm.c:843:5:cmd_ch	24	static
../Library/rfm.c:875:5:cmd_car	24	static
../Library/rfm.c:906:5:cmd_hop	24	static
../Library/rfm.c:930:5:cmd_rfmod	24	static
../Library/rfm.c:952:5:cmd_swinfo	16	static
../Library/rfm.c:961:5:cmd_info	40	static
../Library/rfm.c:984:5:cmd_rfstat	16	static
../Library/rfm.c:1046:5:cmd_txpwr	24	static
../Library/rfm.c:1065:5:cmd_rspid	24	static
../Library/rfm.c:1109:5:cmd_OccPa	24	static
../Library/rfm.c:1198:14:lowpass_Filter	24	static
../Library/rfm.c:1212:6:RFM_I2SEx_TxRxCpltCallback	48	static
../Library/rfm.c:1410:5:InitRFM	64	static
../Library/rfm.c:1642:5:RFM_main	16	static
../Library/rfm.c:1701:6:LoopProcRFM	112	static
../Library/rfm.c:2109:6:UpdateStat	40	static
../Library/rfm.c:2153:6:SetStat	16	static
../Library/rfm.c:2168:6:ReflashStat	24	static
../Library/rfm.c:2204:6:ReloadStampStat	16	static
