../Library/RFMProtocol.c:67:6:_MakePktHdr	24	static
../Library/RFMProtocol.c:120:6:_MakePktHdr2	16	static
../Library/RFMProtocol.c:151:6:_MakeRFCmd	32	static
../Library/RFMProtocol.c:172:6:SendStatReq	96	static
../Library/RFMProtocol.c:206:6:SendStat	96	static
../Library/RFMProtocol.c:276:6:SendRouteReq	96	static
../Library/RFMProtocol.c:305:6:SendRouteRsp	96	static
../Library/RFMProtocol.c:335:6:SendPA	88	static
../Library/RFMProtocol.c:385:6:SendCall	88	static
../Library/RFMProtocol.c:439:6:SendOCCPA	88	static
../Library/RFMProtocol.c:489:6:SendLight	88	static
../Library/RFMProtocol.c:533:6:SendLightOn	8	static
../Library/RFMProtocol.c:540:6:SendLightOff	8	static
../Library/RFMProtocol.c:547:6:SendRFCmdCh	88	static
../Library/RFMProtocol.c:562:6:SendRFCmd	88	static
../Library/RFMProtocol.c:587:6:SendRFCmdReset	72	static
../Library/RFMProtocol.c:603:6:SendRFCmdCar	120	static
../Library/RFMProtocol.c:615:6:SendRFCmdTS	120	static
../Library/RFMProtocol.c:627:6:SendRFCmdRFMode	120	static
../Library/RFMProtocol.c:639:6:SendRFCmdDFUMode	8	static
../Library/RFMProtocol.c:649:6:SendRFCmdUpgrade	16	static
../Library/RFMProtocol.c:689:6:SendUpgrData	104	static
../Library/RFMProtocol.c:722:6:SendUpgrStat	96	static
../Library/RFMProtocol.c:774:5:ProcPktStatReq	24	static
../Library/RFMProtocol.c:807:5:ProcPktStat	24	static
../Library/RFMProtocol.c:854:5:ProcPktRouteReq	32	static
../Library/RFMProtocol.c:926:5:ProcPktRouteRsp	32	static
../Library/RFMProtocol.c:978:5:ProcPktCtrlPaCall	24	static
../Library/RFMProtocol.c:1023:5:ProcPktPA	24	static
../Library/RFMProtocol.c:1073:5:ProcPktCall	24	static
../Library/RFMProtocol.c:1113:5:ProcPktDevConn	24	static
../Library/RFMProtocol.c:1136:5:ProcPktLight	16	static
../Library/RFMProtocol.c:1159:5:ProcPktCmd	16	static
../Library/RFMProtocol.c:1183:5:ProcPktCmdRsp	16	static
../Library/RFMProtocol.c:1198:5:ProcPktUpgr	56	static
../Library/RFMProtocol.c:1367:5:ProcPktUpgrStat	72	static
