../Drivers/CMSIS/Include/core_cm3.h:1762:34:__NVIC_SystemReset	4	static,ignoring_inline_asm
../Library/cli.c:185:6:dump	80	static
../Library/cli.c:242:6:a2hex	24	static
../Library/cli.c:298:5:getarg	32	static
../Library/cli.c:320:5:ProcessCommand	200	static
../Library/cli.c:433:5:readline	32	static
../Library/cli.c:528:6:CLIPrompt	8	static
../Library/cli.c:538:6:SetCLIPrompt	16	static
../Library/cli.c:545:6:SetCLIProc	16	static
../Library/cli.c:553:6:LoopProcCLI	16	static
../Library/cli.c:579:6:vCLITask	16	static
../Library/cli.c:607:5:cmd_help	24	static
../Library/cli.c:649:5:cmd_uptime	48	static
../Library/cli.c:696:5:cmd_ver	16	static
../Library/cli.c:706:5:cmd_reset	16	static
../Library/cli.c:716:5:cmd_WDGStOff	16	static
../Library/cli.c:724:5:cmd_battery	16	static
../Library/cli.c:733:5:cmd_wr	32	static
../Library/cli.c:789:5:cmd_rd	32	static
../Library/cli.c:845:5:cmd_rfm	16	static
